// Jest Snapshot v1, https://goo.gl/fbAQLP

exports[`Date time slice should return date time selector state and actions 1`] = `
{
  "date": 2024-05-29T21:05:29.050Z,
  "init": [Function],
}
`;
