// Jest Snapshot v1, https://goo.gl/fbAQLP

exports[`Terminal should render correctly to match snapshot 1`] = `
<div>
  <div>
    <h1>
      Terminal
    </h1>
  </div>
</div>
`;
