// Jest Snapshot v1, https://goo.gl/fbAQLP

exports[`Mac should render mac  1`] = `
<div>
  <div
    style="filter: brightness(1);"
  >
    <div
      aria-label="mac"
      style="transition: all 0.4s ease-in-out;"
    />
  </div>
</div>
`;
