// Jest Snapshot v1, https://goo.gl/fbAQLP

exports[`Github should render correctly to match snapshot 1`] = `
<div>
  <iframe
    aria-label="github"
    height="100%"
    src="https://github1s.com/onemanfighter/ar-mac-portfolio"
    width="100%"
  />
</div>
`;
