// Jest Snapshot v1, https://goo.gl/fbAQLP

exports[`Back should render correctly 1`] = `
<div>
  <svg
    fill="currentColor"
    height="1em"
    viewBox="0 0 512 512"
    width="1em"
  >
    <path
      d="M249.38 336L170 256l79.38-80M181.03 256H342"
      fill="none"
      stroke="currentColor"
      stroke-linecap="round"
      stroke-linejoin="round"
      stroke-width="32"
    />
    <path
      d="M448 256c0-106-86-192-192-192S64 150 64 256s86 192 192 192 192-86 192-192z"
      fill="none"
      stroke="currentColor"
      stroke-miterlimit="10"
      stroke-width="32"
    />
  </svg>
</div>
`;
