// Jest Snapshot v1, https://goo.gl/fbAQLP

exports[`DarkMode should render correctly 1`] = `
<div>
  <svg
    fill="none"
    viewBox="0 0 24 24"
  >
    <path
      d="M12 16a4 4 0 000-8v8z"
      fill="currentColor"
    />
    <path
      clip-rule="evenodd"
      d="M12 2C6.477 2 2 6.477 2 12s4.477 10 10 10 10-4.477 10-10S17.523 2 12 2zm0 2v4a4 4 0 100 8v4a8 8 0 100-16z"
      fill="currentColor"
      fill-rule="evenodd"
    />
  </svg>
</div>
`;
