// Jest Snapshot v1, https://goo.gl/fbAQLP

exports[`Search should open pop-up when Search icon is tapped 1`] = `
<div>
  <button
    aria-label="search-top-bar-button"
    class="chakra-button css-jmqcxj"
    type="button"
  >
    <svg
      aria-hidden="true"
      color="#000000"
      fill="currentColor"
      focusable="false"
      height="1.2em"
      viewBox="0 0 24 24"
      width="1.2em"
    >
      <path
        d="M10 18a7.952 7.952 0 004.897-1.688l4.396 4.396 1.414-1.414-4.396-4.396A7.952 7.952 0 0018 10c0-4.411-3.589-8-8-8s-8 3.589-8 8 3.589 8 8 8zm0-14c3.309 0 6 2.691 6 6s-2.691 6-6 6-6-2.691-6-6 2.691-6 6-6z"
      />
    </svg>
  </button>
</div>
`;

exports[`Search should render 1`] = `
<div>
  <button
    aria-label="search-top-bar-button"
    class="chakra-button css-jmqcxj"
    type="button"
  >
    <svg
      aria-hidden="true"
      color="#000000"
      fill="currentColor"
      focusable="false"
      height="1.2em"
      viewBox="0 0 24 24"
      width="1.2em"
    >
      <path
        d="M10 18a7.952 7.952 0 004.897-1.688l4.396 4.396 1.414-1.414-4.396-4.396A7.952 7.952 0 0018 10c0-4.411-3.589-8-8-8s-8 3.589-8 8 3.589 8 8 8zm0-14c3.309 0 6 2.691 6 6s-2.691 6-6 6-6-2.691-6-6 2.691-6 6-6z"
      />
    </svg>
  </button>
</div>
`;
