// Jest Snapshot v1, https://goo.gl/fbAQLP

exports[`LazyPoweringComponent should render correctly to match snapshot 1`] = `
<div>
  <div>
    <h1>
      Powering
    </h1>
  </div>
</div>
`;
