// Jest Snapshot v1, https://goo.gl/fbAQLP

exports[`Github slice should return default github state 1`] = `
{
  "currentProfile": "onemanfighter",
  "defaultProfile": "onemanfighter",
  "setCurrentProfile": [Function],
}
`;
